// Jest Snapshot v1, https://goo.gl/fbAQLP

exports[`ProgresIndicator should render 1`] = `
<div>
  Loading ...
</div>
`;
